#
# There is insufficient memory for the Java Runtime Environment to continue.
# Native memory allocation (mmap) failed to map 24117248 bytes for G1 virtual space
# Possible reasons:
#   The system is out of physical RAM or swap space
#   The process is running with CompressedOops enabled, and the Java Heap may be blocking the growth of the native heap
# Possible solutions:
#   Reduce memory load on the system
#   Increase physical memory or swap space
#   Check if swap backing store is full
#   Decrease Java heap size (-Xmx/-Xms)
#   Decrease number of Java threads
#   Decrease Java thread stack sizes (-Xss)
#   Set larger code cache with -XX:ReservedCodeCacheSize=
#   JVM is running with Unscaled Compressed Oops mode in which the Java heap is
#     placed in the first 4GB address space. The Java Heap base address is the
#     maximum limit for the native heap growth. Please use -XX:HeapBaseMinAddress
#     to set the Java Heap base and to place the Java Heap above 4GB virtual address.
# This output file may be truncated or incomplete.
#
#  Out of Memory Error (os_windows.cpp:3548), pid=29024, tid=13616
#
# JRE version: Java(TM) SE Runtime Environment (17.0.12+8) (build 17.0.12+8-LTS-286)
# Java VM: Java HotSpot(TM) 64-Bit Server VM (17.0.12+8-LTS-286, mixed mode, emulated-client, sharing, tiered, compressed oops, compressed class ptrs, g1 gc, windows-amd64)
# No core dump will be written. Minidumps are not enabled by default on client versions of Windows
#

---------------  S U M M A R Y ------------

Command Line: -XX:TieredStopAtLevel=1 -Dspring.output.ansi.enabled=always -Dcom.sun.management.jmxremote -Dspring.jmx.enabled=true -Dspring.liveBeansView.mbeanDomain -Dspring.application.admin.enabled=true -Dmanagement.endpoints.jmx.exposure.include=* -javaagent:D:\intellij\lib\idea_rt.jar=3626:D:\intellij\bin -Dfile.encoding=UTF-8 com.PAF.PAF.Assigment.PafAssigmentApplication

Host: AMD Ryzen 5 4600H with Radeon Graphics         , 12 cores, 7G,  Windows 10 , 64 bit Build 19041 (10.0.19041.5678)
Time: Sun May 11 20:16:02 2025 Sri Lanka Standard Time elapsed time: 5.450460 seconds (0d 0h 0m 5s)

---------------  T H R E A D  ---------------

Current thread (0x000001ef16ed6be0):  VMThread "VM Thread" [stack: 0x000000a1c8f00000,0x000000a1c9000000] [id=13616]

Stack: [0x000000a1c8f00000,0x000000a1c9000000]
Native frames: (J=compiled Java code, j=interpreted, Vv=VM code, C=native code)
V  [jvm.dll+0x67a04a]
V  [jvm.dll+0x7da4ed]
V  [jvm.dll+0x7dbe33]
V  [jvm.dll+0x7dc4a3]
V  [jvm.dll+0x24508f]
V  [jvm.dll+0x677089]
V  [jvm.dll+0x66bd32]
V  [jvm.dll+0x301fa6]
V  [jvm.dll+0x309546]
V  [jvm.dll+0x359d2e]
V  [jvm.dll+0x359f5f]
V  [jvm.dll+0x2d9078]
V  [jvm.dll+0x2d74ad]
V  [jvm.dll+0x2d6afc]
V  [jvm.dll+0x31a65b]
V  [jvm.dll+0x7e0d9b]
V  [jvm.dll+0x7e1ad4]
V  [jvm.dll+0x7e1fed]
V  [jvm.dll+0x7e23c4]
V  [jvm.dll+0x7e2490]
V  [jvm.dll+0x78abea]
V  [jvm.dll+0x678f35]
C  [ucrtbase.dll+0x21bb2]
C  [KERNEL32.DLL+0x17374]
C  [ntdll.dll+0x4cc91]

VM_Operation (0x000000a1c89f6cd0): G1CollectForAllocation, mode: safepoint, requested by thread 0x000001ef04fc2320


---------------  P R O C E S S  ---------------

Threads class SMR info:
_java_thread_list=0x000001ef5da3ef80, length=25, elements={
0x000001ef04fc2320, 0x000001ef16edb590, 0x000001ef16eddf60, 0x000001ef16eefb40,
0x000001ef16ef0500, 0x000001ef16ef0ec0, 0x000001ef16ef3890, 0x000001ef16eff090,
0x000001ef16ef4250, 0x000001ef16ec6190, 0x000001ef16ec6840, 0x000001ef5c19b810,
0x000001ef5c4bbf00, 0x000001ef5c4bc3e0, 0x000001ef5c96e860, 0x000001ef5d3a08a0,
0x000001ef5d404f50, 0x000001ef5d428130, 0x000001ef5d7aa8d0, 0x000001ef5d7a9eb0,
0x000001ef5d7aade0, 0x000001ef5d7abd10, 0x000001ef5d7acc40, 0x000001ef5d7a77f0,
0x000001ef5d7a5990
}

Java Threads: ( => current thread )
  0x000001ef04fc2320 JavaThread "main" [_thread_blocked, id=23988, stack(0x000000a1c8900000,0x000000a1c8a00000)]
  0x000001ef16edb590 JavaThread "Reference Handler" daemon [_thread_blocked, id=26264, stack(0x000000a1c9000000,0x000000a1c9100000)]
  0x000001ef16eddf60 JavaThread "Finalizer" daemon [_thread_blocked, id=14044, stack(0x000000a1c9100000,0x000000a1c9200000)]
  0x000001ef16eefb40 JavaThread "Signal Dispatcher" daemon [_thread_blocked, id=20136, stack(0x000000a1c9200000,0x000000a1c9300000)]
  0x000001ef16ef0500 JavaThread "Attach Listener" daemon [_thread_blocked, id=15616, stack(0x000000a1c9300000,0x000000a1c9400000)]
  0x000001ef16ef0ec0 JavaThread "Service Thread" daemon [_thread_blocked, id=28548, stack(0x000000a1c9400000,0x000000a1c9500000)]
  0x000001ef16ef3890 JavaThread "Monitor Deflation Thread" daemon [_thread_blocked, id=11204, stack(0x000000a1c9500000,0x000000a1c9600000)]
  0x000001ef16eff090 JavaThread "C1 CompilerThread0" daemon [_thread_blocked, id=22960, stack(0x000000a1c9600000,0x000000a1c9700000)]
  0x000001ef16ef4250 JavaThread "Sweeper thread" daemon [_thread_blocked, id=8728, stack(0x000000a1c9700000,0x000000a1c9800000)]
  0x000001ef16ec6190 JavaThread "Common-Cleaner" daemon [_thread_blocked, id=17844, stack(0x000000a1c9800000,0x000000a1c9900000)]
  0x000001ef16ec6840 JavaThread "C1 CompilerThread1" daemon [_thread_blocked, id=9440, stack(0x000000a1c9900000,0x000000a1c9a00000)]
  0x000001ef5c19b810 JavaThread "C1 CompilerThread2" daemon [_thread_blocked, id=16416, stack(0x000000a1c9a00000,0x000000a1c9b00000)]
  0x000001ef5c4bbf00 JavaThread "Monitor Ctrl-Break" daemon [_thread_in_native, id=23268, stack(0x000000a1c9b00000,0x000000a1c9c00000)]
  0x000001ef5c4bc3e0 JavaThread "Notification Thread" daemon [_thread_blocked, id=20376, stack(0x000000a1c9c00000,0x000000a1c9d00000)]
  0x000001ef5c96e860 JavaThread "RMI TCP Accept-0" daemon [_thread_in_native, id=10612, stack(0x000000a1c9d00000,0x000000a1c9e00000)]
  0x000001ef5d3a08a0 JavaThread "RMI TCP Connection(1)-10.0.1.1" daemon [_thread_in_native, id=15128, stack(0x000000a1caa00000,0x000000a1cab00000)]
  0x000001ef5d404f50 JavaThread "RMI Scheduler(0)" daemon [_thread_blocked, id=5256, stack(0x000000a1ca600000,0x000000a1ca700000)]
  0x000001ef5d428130 JavaThread "JMX server connection timeout 23" daemon [_thread_blocked, id=13408, stack(0x000000a1cab00000,0x000000a1cac00000)]
  0x000001ef5d7aa8d0 JavaThread "RMI TCP Connection(2)-10.0.1.1" daemon [_thread_in_native, id=15068, stack(0x000000a1cae00000,0x000000a1caf00000)]
  0x000001ef5d7a9eb0 JavaThread "Catalina-utility-1" [_thread_blocked, id=24072, stack(0x000000a1caf00000,0x000000a1cb000000)]
  0x000001ef5d7aade0 JavaThread "Catalina-utility-2" [_thread_blocked, id=16236, stack(0x000000a1cb000000,0x000000a1cb100000)]
  0x000001ef5d7abd10 JavaThread "container-0" [_thread_blocked, id=29616, stack(0x000000a1cb100000,0x000000a1cb200000)]
  0x000001ef5d7acc40 JavaThread "Thread-1" daemon [_thread_in_native, id=12420, stack(0x000000a1cb200000,0x000000a1cb300000)]
  0x000001ef5d7a77f0 JavaThread "BufferPoolPruner-1-thread-1" daemon [_thread_blocked, id=16204, stack(0x000000a1cb300000,0x000000a1cb400000)]
  0x000001ef5d7a5990 JavaThread "cluster-ClusterId{value='6820b82ad5c0176828a0594c', description='Fap'}-srv-fap.xnlwigf.mongodb.net" daemon [_thread_blocked, id=3808, stack(0x000000a1cb400000,0x000000a1cb500000)]

Other Threads:
=>0x000001ef16ed6be0 VMThread "VM Thread" [stack: 0x000000a1c8f00000,0x000000a1c9000000] [id=13616]
  0x000001ef5c9ef790 WatcherThread [stack: 0x000000a1c9e00000,0x000000a1c9f00000] [id=4864]
  0x000001ef05019430 GCTaskThread "GC Thread#0" [stack: 0x000000a1c8a00000,0x000000a1c8b00000] [id=21732]
  0x000001ef5cd69160 GCTaskThread "GC Thread#1" [stack: 0x000000a1c9f00000,0x000000a1ca000000] [id=6572]
  0x000001ef5cd8e5b0 GCTaskThread "GC Thread#2" [stack: 0x000000a1ca000000,0x000000a1ca100000] [id=7236]
  0x000001ef5cd8e870 GCTaskThread "GC Thread#3" [stack: 0x000000a1ca100000,0x000000a1ca200000] [id=5040]
  0x000001ef5cd8eb30 GCTaskThread "GC Thread#4" [stack: 0x000000a1ca200000,0x000000a1ca300000] [id=11592]
  0x000001ef5cd8f000 GCTaskThread "GC Thread#5" [stack: 0x000000a1ca300000,0x000000a1ca400000] [id=15880]
  0x000001ef5cd8f740 GCTaskThread "GC Thread#6" [stack: 0x000000a1ca400000,0x000000a1ca500000] [id=29056]
  0x000001ef5cf52350 GCTaskThread "GC Thread#7" [stack: 0x000000a1ca700000,0x000000a1ca800000] [id=27428]
  0x000001ef5cf52610 GCTaskThread "GC Thread#8" [stack: 0x000000a1ca800000,0x000000a1ca900000] [id=28940]
  0x000001ef5ceeeed0 GCTaskThread "GC Thread#9" [stack: 0x000000a1ca900000,0x000000a1caa00000] [id=12004]
  0x000001ef0502a090 ConcurrentGCThread "G1 Main Marker" [stack: 0x000000a1c8b00000,0x000000a1c8c00000] [id=3792]
  0x000001ef0502b240 ConcurrentGCThread "G1 Conc#0" [stack: 0x000000a1c8c00000,0x000000a1c8d00000] [id=13660]
  0x000001ef5d5f7040 ConcurrentGCThread "G1 Conc#1" [stack: 0x000000a1cac00000,0x000000a1cad00000] [id=25636]
  0x000001ef5d5f7300 ConcurrentGCThread "G1 Conc#2" [stack: 0x000000a1cad00000,0x000000a1cae00000] [id=11020]
  0x000001ef0508ec30 ConcurrentGCThread "G1 Refine#0" [stack: 0x000000a1c8d00000,0x000000a1c8e00000] [id=24620]
  0x000001ef5cd79680 ConcurrentGCThread "G1 Refine#1" [stack: 0x000000a1ca500000,0x000000a1ca600000] [id=3988]
  0x000001ef16d8fc70 ConcurrentGCThread "G1 Service" [stack: 0x000000a1c8e00000,0x000000a1c8f00000] [id=30412]

Threads with active compile tasks:

VM state: at safepoint (normal execution)

VM Mutex/Monitor currently owned by a thread:  ([mutex/lock_event])
[0x000001ef04fbdc40] Threads_lock - owner thread: 0x000001ef16ed6be0
[0x000001ef04fbe300] Heap_lock - owner thread: 0x000001ef04fc2320

Heap address: 0x0000000089800000, size: 1896 MB, Compressed Oops mode: 32-bit

CDS archive(s) mapped at: [0x000001ef17000000-0x000001ef17bd0000-0x000001ef17bd0000), size 12386304, SharedBaseAddress: 0x000001ef17000000, ArchiveRelocationMode: 1.
Compressed class space mapped at: 0x000001ef18000000-0x000001ef58000000, reserved size: 1073741824
Narrow klass base: 0x000001ef17000000, Narrow klass shift: 0, Narrow klass range: 0x100000000

GC Precious Log:
 CPUs: 12 total, 12 available
 Memory: 7579M
 Large Page Support: Disabled
 NUMA Support: Disabled
 Compressed Oops: Enabled (32-bit)
 Heap Region Size: 1M
 Heap Min Capacity: 8M
 Heap Initial Capacity: 120M
 Heap Max Capacity: 1896M
 Pre-touch: Disabled
 Parallel Workers: 10
 Concurrent Workers: 3
 Concurrent Refinement Workers: 10
 Periodic GC: Disabled

Heap:
 garbage-first heap   total 65536K, used 17070K [0x0000000089800000, 0x0000000100000000)
  region size 1024K, 3 young (3072K), 3 survivors (3072K)
 Metaspace       used 30987K, committed 31488K, reserved 1114112K
  class space    used 4342K, committed 4608K, reserved 1048576K

Heap Regions: E=young(eden), S=young(survivor), O=old, HS=humongous(starts), HC=humongous(continues), CS=collection set, F=free, OA=open archive, CA=closed archive, TAMS=top-at-mark-start (previous, next)
|   0|0x0000000089800000, 0x0000000089900000, 0x0000000089900000|100%| O|  |TAMS 0x0000000089900000, 0x0000000089800000| Untracked 
|   1|0x0000000089900000, 0x0000000089a00000, 0x0000000089a00000|100%| O|  |TAMS 0x0000000089a00000, 0x0000000089900000| Untracked 
|   2|0x0000000089a00000, 0x0000000089b00000, 0x0000000089b00000|100%| O|  |TAMS 0x0000000089b00000, 0x0000000089a00000| Untracked 
|   3|0x0000000089b00000, 0x0000000089c00000, 0x0000000089c00000|100%| O|  |TAMS 0x0000000089c00000, 0x0000000089b00000| Untracked 
|   4|0x0000000089c00000, 0x0000000089d00000, 0x0000000089d00000|100%| O|  |TAMS 0x0000000089d00000, 0x0000000089c00000| Untracked 
|   5|0x0000000089d00000, 0x0000000089d00000, 0x0000000089e00000|  0%| F|  |TAMS 0x0000000089d00000, 0x0000000089d00000| Untracked 
|   6|0x0000000089e00000, 0x0000000089f00000, 0x0000000089f00000|100%| O|  |TAMS 0x0000000089e00000, 0x0000000089e00000| Untracked 
|   7|0x0000000089f00000, 0x000000008a000000, 0x000000008a000000|100%| O|  |TAMS 0x0000000089f00000, 0x0000000089f00000| Untracked 
|   8|0x000000008a000000, 0x000000008a100000, 0x000000008a100000|100%| O|  |TAMS 0x000000008a000000, 0x000000008a000000| Untracked 
|   9|0x000000008a100000, 0x000000008a200000, 0x000000008a200000|100%| O|  |TAMS 0x000000008a100000, 0x000000008a100000| Untracked 
|  10|0x000000008a200000, 0x000000008a300000, 0x000000008a300000|100%| O|  |TAMS 0x000000008a200000, 0x000000008a200000| Untracked 
|  11|0x000000008a300000, 0x000000008a400000, 0x000000008a400000|100%| O|  |TAMS 0x000000008a300000, 0x000000008a300000| Untracked 
|  12|0x000000008a400000, 0x000000008a500000, 0x000000008a500000|100%| O|  |TAMS 0x000000008a400000, 0x000000008a400000| Untracked 
|  13|0x000000008a500000, 0x000000008a600000, 0x000000008a600000|100%| O|  |TAMS 0x000000008a500000, 0x000000008a500000| Untracked 
|  14|0x000000008a600000, 0x000000008a6e3600, 0x000000008a700000| 88%| O|  |TAMS 0x000000008a600000, 0x000000008a600000| Untracked 
|  15|0x000000008a700000, 0x000000008a700000, 0x000000008a800000|  0%| F|  |TAMS 0x000000008a700000, 0x000000008a700000| Untracked 
|  16|0x000000008a800000, 0x000000008a800000, 0x000000008a900000|  0%| F|  |TAMS 0x000000008a800000, 0x000000008a800000| Untracked 
|  17|0x000000008a900000, 0x000000008a900000, 0x000000008aa00000|  0%| F|  |TAMS 0x000000008a900000, 0x000000008a900000| Untracked 
|  18|0x000000008aa00000, 0x000000008aa00000, 0x000000008ab00000|  0%| F|  |TAMS 0x000000008aa00000, 0x000000008aa00000| Untracked 
|  19|0x000000008ab00000, 0x000000008ab00000, 0x000000008ac00000|  0%| F|  |TAMS 0x000000008ab00000, 0x000000008ab00000| Untracked 
|  20|0x000000008ac00000, 0x000000008ac00000, 0x000000008ad00000|  0%| F|  |TAMS 0x000000008ac00000, 0x000000008ac00000| Untracked 
|  21|0x000000008ad00000, 0x000000008ad00000, 0x000000008ae00000|  0%| F|  |TAMS 0x000000008ad00000, 0x000000008ad00000| Untracked 
|  22|0x000000008ae00000, 0x000000008ae00000, 0x000000008af00000|  0%| F|  |TAMS 0x000000008ae00000, 0x000000008ae00000| Untracked 
|  23|0x000000008af00000, 0x000000008afc8380, 0x000000008b000000| 78%| S|CS|TAMS 0x000000008af00000, 0x000000008af00000| Complete 
|  24|0x000000008b000000, 0x000000008b100000, 0x000000008b100000|100%| S|CS|TAMS 0x000000008b000000, 0x000000008b000000| Complete 
|  25|0x000000008b100000, 0x000000008b100000, 0x000000008b200000|  0%| F|  |TAMS 0x000000008b100000, 0x000000008b100000| Untracked 
|  26|0x000000008b200000, 0x000000008b200000, 0x000000008b300000|  0%| F|  |TAMS 0x000000008b200000, 0x000000008b200000| Untracked 
|  27|0x000000008b300000, 0x000000008b400000, 0x000000008b400000|100%| S|CS|TAMS 0x000000008b300000, 0x000000008b300000| Complete 
|  28|0x000000008b400000, 0x000000008b400000, 0x000000008b500000|  0%| F|  |TAMS 0x000000008b400000, 0x000000008b400000| Untracked 
|  29|0x000000008b500000, 0x000000008b500000, 0x000000008b600000|  0%| F|  |TAMS 0x000000008b500000, 0x000000008b500000| Untracked 
|  30|0x000000008b600000, 0x000000008b600000, 0x000000008b700000|  0%| F|  |TAMS 0x000000008b600000, 0x000000008b600000| Untracked 
|  31|0x000000008b700000, 0x000000008b700000, 0x000000008b800000|  0%| F|  |TAMS 0x000000008b700000, 0x000000008b700000| Untracked 
|  32|0x000000008b800000, 0x000000008b800000, 0x000000008b900000|  0%| F|  |TAMS 0x000000008b800000, 0x000000008b800000| Untracked 
|  33|0x000000008b900000, 0x000000008b900000, 0x000000008ba00000|  0%| F|  |TAMS 0x000000008b900000, 0x000000008b900000| Untracked 
|  34|0x000000008ba00000, 0x000000008ba00000, 0x000000008bb00000|  0%| F|  |TAMS 0x000000008ba00000, 0x000000008ba00000| Untracked 
|  35|0x000000008bb00000, 0x000000008bb00000, 0x000000008bc00000|  0%| F|  |TAMS 0x000000008bb00000, 0x000000008bb00000| Untracked 
|  36|0x000000008bc00000, 0x000000008bc00000, 0x000000008bd00000|  0%| F|  |TAMS 0x000000008bc00000, 0x000000008bc00000| Untracked 
|  37|0x000000008bd00000, 0x000000008bd00000, 0x000000008be00000|  0%| F|  |TAMS 0x000000008bd00000, 0x000000008bd00000| Untracked 
|  38|0x000000008be00000, 0x000000008be00000, 0x000000008bf00000|  0%| F|  |TAMS 0x000000008be00000, 0x000000008be00000| Untracked 
|  39|0x000000008bf00000, 0x000000008bf00000, 0x000000008c000000|  0%| F|  |TAMS 0x000000008bf00000, 0x000000008bf00000| Untracked 
|  40|0x000000008c000000, 0x000000008c000000, 0x000000008c100000|  0%| F|  |TAMS 0x000000008c000000, 0x000000008c000000| Untracked 
|  41|0x000000008c100000, 0x000000008c100000, 0x000000008c200000|  0%| F|  |TAMS 0x000000008c100000, 0x000000008c100000| Untracked 
|  42|0x000000008c200000, 0x000000008c200000, 0x000000008c300000|  0%| F|  |TAMS 0x000000008c200000, 0x000000008c200000| Untracked 
|  43|0x000000008c300000, 0x000000008c300000, 0x000000008c400000|  0%| F|  |TAMS 0x000000008c300000, 0x000000008c300000| Untracked 
|  44|0x000000008c400000, 0x000000008c400000, 0x000000008c500000|  0%| F|  |TAMS 0x000000008c400000, 0x000000008c400000| Untracked 
|  45|0x000000008c500000, 0x000000008c500000, 0x000000008c600000|  0%| F|  |TAMS 0x000000008c500000, 0x000000008c500000| Untracked 
|  46|0x000000008c600000, 0x000000008c600000, 0x000000008c700000|  0%| F|  |TAMS 0x000000008c600000, 0x000000008c600000| Untracked 
|  47|0x000000008c700000, 0x000000008c700000, 0x000000008c800000|  0%| F|  |TAMS 0x000000008c700000, 0x000000008c700000| Untracked 
|  48|0x000000008c800000, 0x000000008c800000, 0x000000008c900000|  0%| F|  |TAMS 0x000000008c800000, 0x000000008c800000| Untracked 
|  49|0x000000008c900000, 0x000000008c900000, 0x000000008ca00000|  0%| F|  |TAMS 0x000000008c900000, 0x000000008c900000| Untracked 
|  50|0x000000008ca00000, 0x000000008ca00000, 0x000000008cb00000|  0%| F|  |TAMS 0x000000008ca00000, 0x000000008ca00000| Untracked 
|  51|0x000000008cb00000, 0x000000008cb00000, 0x000000008cc00000|  0%| F|  |TAMS 0x000000008cb00000, 0x000000008cb00000| Untracked 
|  52|0x000000008cc00000, 0x000000008cc00000, 0x000000008cd00000|  0%| F|  |TAMS 0x000000008cc00000, 0x000000008cc00000| Untracked 
|  53|0x000000008cd00000, 0x000000008cd00000, 0x000000008ce00000|  0%| F|  |TAMS 0x000000008cd00000, 0x000000008cd00000| Untracked 
|  54|0x000000008ce00000, 0x000000008ce00000, 0x000000008cf00000|  0%| F|  |TAMS 0x000000008ce00000, 0x000000008ce00000| Untracked 
|  55|0x000000008cf00000, 0x000000008cf00000, 0x000000008d000000|  0%| F|  |TAMS 0x000000008cf00000, 0x000000008cf00000| Untracked 
|  56|0x000000008d000000, 0x000000008d000000, 0x000000008d100000|  0%| F|  |TAMS 0x000000008d000000, 0x000000008d000000| Untracked 
|  57|0x000000008d100000, 0x000000008d100000, 0x000000008d200000|  0%| F|  |TAMS 0x000000008d100000, 0x000000008d100000| Untracked 
|  58|0x000000008d200000, 0x000000008d200000, 0x000000008d300000|  0%| F|  |TAMS 0x000000008d200000, 0x000000008d200000| Untracked 
|  59|0x000000008d300000, 0x000000008d300000, 0x000000008d400000|  0%| F|  |TAMS 0x000000008d300000, 0x000000008d300000| Untracked 
|  60|0x000000008d400000, 0x000000008d400000, 0x000000008d500000|  0%| F|  |TAMS 0x000000008d400000, 0x000000008d400000| Untracked 
|  61|0x000000008d500000, 0x000000008d500000, 0x000000008d600000|  0%| F|  |TAMS 0x000000008d500000, 0x000000008d500000| Untracked 
|  62|0x000000008d600000, 0x000000008d600000, 0x000000008d700000|  0%| F|  |TAMS 0x000000008d600000, 0x000000008d600000| Untracked 
| 119|0x0000000090f00000, 0x0000000090f00000, 0x0000000091000000|  0%| F|  |TAMS 0x0000000090f00000, 0x0000000090f00000| Untracked 

Card table byte_map: [0x000001ef0ff70000,0x000001ef10330000] _byte_map_base: 0x000001ef0fb24000

Marking Bits (Prev, Next): (CMBitMap*) 0x000001ef0501aaa0, (CMBitMap*) 0x000001ef0501aa60
 Prev Bits: [0x000001ef12490000, 0x000001ef14230000)
 Next Bits: [0x000001ef106f0000, 0x000001ef12490000)

Polling page: 0x000001ef02fd0000

Metaspace:

Usage:
  Non-class:     26.02 MB used.
      Class:      4.24 MB used.
       Both:     30.26 MB used.

Virtual space:
  Non-class space:       64.00 MB reserved,      26.25 MB ( 41%) committed,  1 nodes.
      Class space:        1.00 GB reserved,       4.50 MB ( <1%) committed,  1 nodes.
             Both:        1.06 GB reserved,      30.75 MB (  3%) committed. 

Chunk freelists:
   Non-Class:  5.45 MB
       Class:  11.48 MB
        Both:  16.94 MB

MaxMetaspaceSize: unlimited
CompressedClassSpaceSize: 1.00 GB
Initial GC threshold: 21.00 MB
Current GC threshold: 35.12 MB
CDS: on
MetaspaceReclaimPolicy: balanced
 - commit_granule_bytes: 65536.
 - commit_granule_words: 8192.
 - virtual_space_node_default_size: 8388608.
 - enlarge_chunks_in_place: 1.
 - new_chunks_are_fully_committed: 0.
 - uncommit_free_chunks: 1.
 - use_allocation_guard: 0.
 - handle_deallocations: 1.


Internal statistics:

num_allocs_failed_limit: 3.
num_arena_births: 608.
num_arena_deaths: 0.
num_vsnodes_births: 2.
num_vsnodes_deaths: 0.
num_space_committed: 492.
num_space_uncommitted: 0.
num_chunks_returned_to_freelist: 3.
num_chunks_taken_from_freelist: 1726.
num_chunk_merges: 3.
num_chunk_splits: 1169.
num_chunks_enlarged: 836.
num_inconsistent_stats: 0.

CodeCache: size=49152Kb used=8324Kb max_used=8324Kb free=40827Kb
 bounds [0x000001ef0c880000, 0x000001ef0d0b0000, 0x000001ef0f880000]
 total_blobs=4436 nmethods=3894 adapters=466
 compilation: enabled
              stopped_count=0, restarted_count=0
 full_count=0

Compilation events (20 events):
Event: 5.336 Thread 0x000001ef16ec6840 nmethod 3883 0x000001ef0d09cd90 code [0x000001ef0d09cf60, 0x000001ef0d09d2e8]
Event: 5.336 Thread 0x000001ef16ec6840 3886  s    1       java.util.Vector::addElement (24 bytes)
Event: 5.336 Thread 0x000001ef5c19b810 nmethod 3884 0x000001ef0d09d610 code [0x000001ef0d09d7c0, 0x000001ef0d09d9d8]
Event: 5.336 Thread 0x000001ef16eff090 3890       1       java.text.RBTableBuilder::addExpansion (237 bytes)
Event: 5.336 Thread 0x000001ef5c19b810 3887       1       java.text.RBTableBuilder::getContractValuesImpl (18 bytes)
Event: 5.336 Thread 0x000001ef5c19b810 nmethod 3887 0x000001ef0d09db10 code [0x000001ef0d09dcc0, 0x000001ef0d09de28]
Event: 5.336 Thread 0x000001ef5c19b810 3888       1       sun.text.ComposedCharIter::next (30 bytes)
Event: 5.336 Thread 0x000001ef16ec6840 nmethod 3886 0x000001ef0d09df10 code [0x000001ef0d09e0c0, 0x000001ef0d09e3a8]
Event: 5.336 Thread 0x000001ef16ec6840 3889       1       sun.text.ComposedCharIter::decomposition (9 bytes)
Event: 5.336 Thread 0x000001ef5c19b810 nmethod 3888 0x000001ef0d09e510 code [0x000001ef0d09e6a0, 0x000001ef0d09e7d8]
Event: 5.336 Thread 0x000001ef5c19b810 3891       1       java.text.RBTableBuilder::getContractOrder (62 bytes)
Event: 5.336 Thread 0x000001ef16ec6840 nmethod 3889 0x000001ef0d09e890 code [0x000001ef0d09ea20, 0x000001ef0d09eb18]
Event: 5.336 Thread 0x000001ef16ec6840 3892       1       java.text.RBTableBuilder::getContractValues (18 bytes)
Event: 5.337 Thread 0x000001ef16ec6840 nmethod 3892 0x000001ef0d09ec10 code [0x000001ef0d09edc0, 0x000001ef0d09ef58]
Event: 5.337 Thread 0x000001ef5c19b810 nmethod 3891 0x000001ef0d09f090 code [0x000001ef0d09f260, 0x000001ef0d09f508]
Event: 5.337 Thread 0x000001ef16ec6840 3893       1       java.text.RBTableBuilder::addExpandOrder (16 bytes)
Event: 5.337 Thread 0x000001ef16ec6840 nmethod 3893 0x000001ef0d09f710 code [0x000001ef0d09f8c0, 0x000001ef0d09f9d8]
Event: 5.337 Thread 0x000001ef16eff090 nmethod 3890 0x000001ef0d09fa90 code [0x000001ef0d09fcc0, 0x000001ef0d0a0888]
Event: 5.350 Thread 0x000001ef16eff090 3894       1       java.lang.StringBuilder::setLength (6 bytes)
Event: 5.350 Thread 0x000001ef16eff090 nmethod 3894 0x000001ef0d0a1010 code [0x000001ef0d0a11a0, 0x000001ef0d0a1288]

GC Heap History (13 events):
Event: 2.074 GC heap before
{Heap before GC invocations=0 (full 0):
 garbage-first heap   total 122880K, used 22528K [0x0000000089800000, 0x0000000100000000)
  region size 1024K, 23 young (23552K), 0 survivors (0K)
 Metaspace       used 7630K, committed 7808K, reserved 1114112K
  class space    used 980K, committed 1024K, reserved 1048576K
}
Event: 2.085 GC heap after
{Heap after GC invocations=1 (full 0):
 garbage-first heap   total 122880K, used 6000K [0x0000000089800000, 0x0000000100000000)
  region size 1024K, 3 young (3072K), 3 survivors (3072K)
 Metaspace       used 7630K, committed 7808K, reserved 1114112K
  class space    used 980K, committed 1024K, reserved 1048576K
}
Event: 2.647 GC heap before
{Heap before GC invocations=1 (full 0):
 garbage-first heap   total 122880K, used 30576K [0x0000000089800000, 0x0000000100000000)
  region size 1024K, 27 young (27648K), 3 survivors (3072K)
 Metaspace       used 12747K, committed 12992K, reserved 1114112K
  class space    used 1716K, committed 1856K, reserved 1048576K
}
Event: 2.653 GC heap after
{Heap after GC invocations=2 (full 0):
 garbage-first heap   total 122880K, used 8035K [0x0000000089800000, 0x0000000100000000)
  region size 1024K, 2 young (2048K), 2 survivors (2048K)
 Metaspace       used 12747K, committed 12992K, reserved 1114112K
  class space    used 1716K, committed 1856K, reserved 1048576K
}
Event: 3.625 GC heap before
{Heap before GC invocations=2 (full 0):
 garbage-first heap   total 122880K, used 62307K [0x0000000089800000, 0x0000000100000000)
  region size 1024K, 57 young (58368K), 2 survivors (2048K)
 Metaspace       used 21209K, committed 21504K, reserved 1114112K
  class space    used 2921K, committed 3072K, reserved 1048576K
}
Event: 3.637 GC heap after
{Heap after GC invocations=3 (full 0):
 garbage-first heap   total 122880K, used 12399K [0x0000000089800000, 0x0000000100000000)
  region size 1024K, 7 young (7168K), 7 survivors (7168K)
 Metaspace       used 21209K, committed 21504K, reserved 1114112K
  class space    used 2921K, committed 3072K, reserved 1048576K
}
Event: 4.230 GC heap before
{Heap before GC invocations=4 (full 0):
 garbage-first heap   total 48128K, used 33903K [0x0000000089800000, 0x0000000100000000)
  region size 1024K, 28 young (28672K), 7 survivors (7168K)
 Metaspace       used 24811K, committed 25344K, reserved 1114112K
  class space    used 3461K, committed 3712K, reserved 1048576K
}
Event: 4.244 GC heap after
{Heap after GC invocations=5 (full 0):
 garbage-first heap   total 48128K, used 14079K [0x0000000089800000, 0x0000000100000000)
  region size 1024K, 2 young (2048K), 2 survivors (2048K)
 Metaspace       used 24811K, committed 25344K, reserved 1114112K
  class space    used 3461K, committed 3712K, reserved 1048576K
}
Event: 4.259 GC heap before
{Heap before GC invocations=5 (full 0):
 garbage-first heap   total 48128K, used 15103K [0x0000000089800000, 0x0000000100000000)
  region size 1024K, 3 young (3072K), 2 survivors (2048K)
 Metaspace       used 24850K, committed 25344K, reserved 1114112K
  class space    used 3468K, committed 3712K, reserved 1048576K
}
Event: 4.265 GC heap after
{Heap after GC invocations=6 (full 0):
 garbage-first heap   total 48128K, used 14733K [0x0000000089800000, 0x0000000100000000)
  region size 1024K, 1 young (1024K), 1 survivors (1024K)
 Metaspace       used 24850K, committed 25344K, reserved 1114112K
  class space    used 3468K, committed 3712K, reserved 1048576K
}
Event: 4.593 GC heap before
{Heap before GC invocations=6 (full 0):
 garbage-first heap   total 48128K, used 34189K [0x0000000089800000, 0x0000000100000000)
  region size 1024K, 20 young (20480K), 1 survivors (1024K)
 Metaspace       used 26827K, committed 27264K, reserved 1114112K
  class space    used 3744K, committed 3968K, reserved 1048576K
}
Event: 4.597 GC heap after
{Heap after GC invocations=7 (full 0):
 garbage-first heap   total 48128K, used 15697K [0x0000000089800000, 0x0000000100000000)
  region size 1024K, 2 young (2048K), 2 survivors (2048K)
 Metaspace       used 26827K, committed 27264K, reserved 1114112K
  class space    used 3744K, committed 3968K, reserved 1048576K
}
Event: 5.363 GC heap before
{Heap before GC invocations=7 (full 0):
 garbage-first heap   total 48128K, used 35153K [0x0000000089800000, 0x0000000100000000)
  region size 1024K, 21 young (21504K), 2 survivors (2048K)
 Metaspace       used 30987K, committed 31488K, reserved 1114112K
  class space    used 4342K, committed 4608K, reserved 1048576K
}

Deoptimization events (6 events):
Event: 3.931 Thread 0x000001ef04fc2320 DEOPT PACKING pc=0x000001ef0cf396ec sp=0x000000a1c89fdbb0
Event: 3.931 Thread 0x000001ef04fc2320 DEOPT UNPACKING pc=0x000001ef0c8d2b43 sp=0x000000a1c89fd070 mode 0
Event: 4.741 Thread 0x000001ef04fc2320 DEOPT PACKING pc=0x000001ef0cdb2181 sp=0x000000a1c89fe860
Event: 4.741 Thread 0x000001ef04fc2320 DEOPT UNPACKING pc=0x000001ef0c8d2b43 sp=0x000000a1c89fdcf0 mode 3
Event: 4.741 Thread 0x000001ef5d7aade0 DEOPT PACKING pc=0x000001ef0cd51517 sp=0x000000a1cb0fecf0
Event: 4.741 Thread 0x000001ef5d7aade0 DEOPT UNPACKING pc=0x000001ef0c8d2b43 sp=0x000000a1cb0fe148 mode 3

Classes unloaded (0 events):
No events

Classes redefined (0 events):
No events

Internal exceptions (20 events):
Event: 4.073 Thread 0x000001ef04fc2320 Exception <a 'java/lang/NoClassDefFoundError'{0x000000008b088530}: liquibase/integration/spring/SpringLiquibase> (0x000000008b088530) 
thrown [s\open\src\hotspot\share\classfile\systemDictionary.cpp, line 245]
Event: 4.112 Thread 0x000001ef04fc2320 Exception <a 'java/lang/NoSuchMethodError'{0x000000008afbc670}: 'void java.lang.invoke.DirectMethodHandle$Holder.invokeSpecial(java.lang.Object, java.lang.Object, java.lang.Object, java.lang.Object, java.lang.Object, java.lang.Object)'> (0x000000008afbc670) 
thrown [s\open\src\hotspot\share\interpreter\linkResolver.cpp, line 759]
Event: 4.163 Thread 0x000001ef04fc2320 Exception <a 'java/lang/NoSuchMethodError'{0x000000008ad94120}: 'java.lang.Object java.lang.invoke.DirectMethodHandle$Holder.invokeSpecialIFC(java.lang.Object, java.lang.Object, java.lang.Object)'> (0x000000008ad94120) 
thrown [s\open\src\hotspot\share\interpreter\linkResolver.cpp, line 759]
Event: 4.366 Thread 0x000001ef04fc2320 Exception <a 'java/lang/NoSuchMethodError'{0x000000008beeee98}: 'void java.lang.invoke.DirectMethodHandle$Holder.invokeInterface(java.lang.Object, java.lang.Object, int)'> (0x000000008beeee98) 
thrown [s\open\src\hotspot\share\interpreter\linkResolver.cpp, line 759]
Event: 4.369 Thread 0x000001ef04fc2320 Exception <a 'java/lang/IncompatibleClassChangeError'{0x000000008bd3edd8}: Found class java.lang.Object, but interface was expected> (0x000000008bd3edd8) 
thrown [s\open\src\hotspot\share\interpreter\linkResolver.cpp, line 826]
Event: 4.370 Thread 0x000001ef04fc2320 Exception <a 'java/lang/NoSuchMethodError'{0x000000008bd62248}: 'void java.lang.invoke.DirectMethodHandle$Holder.invokeStatic(java.lang.Object, int, java.lang.Object)'> (0x000000008bd62248) 
thrown [s\open\src\hotspot\share\interpreter\linkResolver.cpp, line 759]
Event: 4.403 Thread 0x000001ef04fc2320 Exception <a 'java/lang/NoSuchMethodError'{0x000000008bc1be50}: 'void java.lang.invoke.DirectMethodHandle$Holder.invokeVirtual(java.lang.Object, java.lang.Object, int)'> (0x000000008bc1be50) 
thrown [s\open\src\hotspot\share\interpreter\linkResolver.cpp, line 759]
Event: 4.403 Thread 0x000001ef04fc2320 Exception <a 'java/lang/NoSuchMethodError'{0x000000008bc22098}: 'void java.lang.invoke.DirectMethodHandle$Holder.invokeStatic(java.lang.Object, java.lang.Object, java.lang.Object, int, java.lang.Object)'> (0x000000008bc22098) 
thrown [s\open\src\hotspot\share\interpreter\linkResolver.cpp, line 759]
Event: 4.404 Thread 0x000001ef04fc2320 Exception <a 'java/lang/NoSuchMethodError'{0x000000008bc295a0}: 'java.lang.Object java.lang.invoke.DirectMethodHandle$Holder.newInvokeSpecial(java.lang.Object, java.lang.Object, java.lang.Object, int)'> (0x000000008bc295a0) 
thrown [s\open\src\hotspot\share\interpreter\linkResolver.cpp, line 759]
Event: 4.404 Thread 0x000001ef04fc2320 Exception <a 'java/lang/NoSuchMethodError'{0x000000008bc2d888}: 'java.lang.Object java.lang.invoke.DirectMethodHandle$Holder.invokeSpecial(java.lang.Object, java.lang.Object, java.lang.Object, java.lang.Object, int)'> (0x000000008bc2d888) 
thrown [s\open\src\hotspot\share\interpreter\linkResolver.cpp, line 759]
Event: 4.404 Thread 0x000001ef04fc2320 Exception <a 'java/lang/NoSuchMethodError'{0x000000008bc31450}: 'java.lang.Object java.lang.invoke.Invokers$Holder.linkToTargetMethod(java.lang.Object, java.lang.Object, int, java.lang.Object)'> (0x000000008bc31450) 
thrown [s\open\src\hotspot\share\interpreter\linkResolver.cpp, line 759]
Event: 4.490 Thread 0x000001ef5d7aa8d0 Exception <a 'java/lang/reflect/InvocationTargetException'{0x000000008b8bf420}> (0x000000008b8bf420) 
thrown [s\open\src\hotspot\share\runtime\reflection.cpp, line 1121]
Event: 4.493 Thread 0x000001ef5d7aa8d0 Exception <a 'java/lang/NoSuchMethodError'{0x000000008b7d9340}: static [Ljava/lang/StackTraceElement;.<clinit>()V> (0x000000008b7d9340) 
thrown [s\open\src\hotspot\share\prims\jni.cpp, line 1112]
Event: 4.625 Thread 0x000001ef04fc2320 Exception <a 'java/io/FileNotFoundException'{0x0000000090fe9218}> (0x0000000090fe9218) 
thrown [s\open\src\hotspot\share\prims\jni.cpp, line 516]
Event: 4.676 Thread 0x000001ef04fc2320 Exception <a 'java/lang/NoSuchMethodError'{0x000000008d438958}: 'int java.lang.invoke.DirectMethodHandle$Holder.invokeInterface(java.lang.Object, java.lang.Object, java.lang.Object, java.lang.Object)'> (0x000000008d438958) 
thrown [s\open\src\hotspot\share\interpreter\linkResolver.cpp, line 759]
Event: 4.724 Thread 0x000001ef04fc2320 Exception <a 'java/lang/NoSuchMethodError'{0x000000008d28a3a0}: 'long java.lang.invoke.DirectMethodHandle$Holder.invokeVirtual(java.lang.Object, java.lang.Object)'> (0x000000008d28a3a0) 
thrown [s\open\src\hotspot\share\interpreter\linkResolver.cpp, line 759]
Event: 5.072 Thread 0x000001ef5d7aa8d0 Exception <a 'java/lang/reflect/InvocationTargetException'{0x000000008ba881e8}> (0x000000008ba881e8) 
thrown [s\open\src\hotspot\share\runtime\reflection.cpp, line 1121]
Event: 5.238 Thread 0x000001ef04fc2320 Exception <a 'java/lang/NoSuchMethodError'{0x000000008b8b1308}: 'long java.lang.invoke.DirectMethodHandle$Holder.invokeStatic(java.lang.Object)'> (0x000000008b8b1308) 
thrown [s\open\src\hotspot\share\interpreter\linkResolver.cpp, line 759]
Event: 5.255 Thread 0x000001ef04fc2320 Exception <a 'sun/nio/fs/WindowsException'{0x000000008b776380}> (0x000000008b776380) 
thrown [s\open\src\hotspot\share\prims\jni.cpp, line 516]
Event: 5.256 Thread 0x000001ef04fc2320 Exception <a 'sun/nio/fs/WindowsException'{0x000000008b7764b0}> (0x000000008b7764b0) 
thrown [s\open\src\hotspot\share\prims\jni.cpp, line 516]

VM Operations (20 events):
Event: 4.265 Executing VM operation: G1CollectForAllocation done
Event: 4.583 Executing VM operation: HandshakeAllThreads
Event: 4.583 Executing VM operation: HandshakeAllThreads done
Event: 4.593 Executing VM operation: G1CollectForAllocation
Event: 4.597 Executing VM operation: G1CollectForAllocation done
Event: 4.617 Executing VM operation: HandshakeAllThreads
Event: 4.617 Executing VM operation: HandshakeAllThreads done
Event: 4.647 Executing VM operation: HandshakeAllThreads
Event: 4.647 Executing VM operation: HandshakeAllThreads done
Event: 4.694 Executing VM operation: HandshakeAllThreads
Event: 4.694 Executing VM operation: HandshakeAllThreads done
Event: 4.694 Executing VM operation: HandshakeAllThreads
Event: 4.694 Executing VM operation: HandshakeAllThreads done
Event: 4.732 Executing VM operation: HandshakeAllThreads
Event: 4.732 Executing VM operation: HandshakeAllThreads done
Event: 5.066 Executing VM operation: HandshakeAllThreads
Event: 5.066 Executing VM operation: HandshakeAllThreads done
Event: 5.327 Executing VM operation: HandshakeAllThreads
Event: 5.327 Executing VM operation: HandshakeAllThreads done
Event: 5.362 Executing VM operation: G1CollectForAllocation

Events (20 events):
Event: 5.340 loading class jdk/internal/icu/text/NormalizerBase
Event: 5.340 loading class jdk/internal/icu/text/NormalizerBase done
Event: 5.340 loading class jdk/internal/icu/text/NormalizerBase$NONEMode
Event: 5.340 loading class jdk/internal/icu/text/NormalizerBase$NONEMode done
Event: 5.340 loading class jdk/internal/icu/text/NormalizerBase$NFDMode
Event: 5.341 loading class jdk/internal/icu/text/NormalizerBase$NFDMode done
Event: 5.341 loading class jdk/internal/icu/text/NormalizerBase$NFKDMode
Event: 5.341 loading class jdk/internal/icu/text/NormalizerBase$NFKDMode done
Event: 5.341 loading class jdk/internal/icu/text/NormalizerBase$NFCMode
Event: 5.341 loading class jdk/internal/icu/text/NormalizerBase$NFCMode done
Event: 5.341 loading class jdk/internal/icu/text/NormalizerBase$NFKCMode
Event: 5.341 loading class jdk/internal/icu/text/NormalizerBase$NFKCMode done
Event: 5.341 loading class jdk/internal/icu/text/UCharacterIterator
Event: 5.341 loading class jdk/internal/icu/text/UCharacterIterator done
Event: 5.341 loading class jdk/internal/icu/impl/ReplaceableUCharacterIterator
Event: 5.342 loading class jdk/internal/icu/impl/ReplaceableUCharacterIterator done
Event: 5.342 loading class jdk/internal/icu/text/ReplaceableString
Event: 5.342 loading class jdk/internal/icu/text/Replaceable
Event: 5.342 loading class jdk/internal/icu/text/Replaceable done
Event: 5.342 loading class jdk/internal/icu/text/ReplaceableString done


Dynamic libraries:
0x00007ff78b0b0000 - 0x00007ff78b0c0000 	C:\Program Files\Java\jdk-17\bin\java.exe
0x00007ffdf5450000 - 0x00007ffdf5648000 	C:\WINDOWS\SYSTEM32\ntdll.dll
0x00007ffdf44a0000 - 0x00007ffdf4562000 	C:\WINDOWS\System32\KERNEL32.DLL
0x00007ffdf2ab0000 - 0x00007ffdf2da6000 	C:\WINDOWS\System32\KERNELBASE.dll
0x00007ffdf2f70000 - 0x00007ffdf3070000 	C:\WINDOWS\System32\ucrtbase.dll
0x00007ffde2280000 - 0x00007ffde229b000 	C:\Program Files\Java\jdk-17\bin\VCRUNTIME140.dll
0x00007ffdde1b0000 - 0x00007ffdde1c9000 	C:\Program Files\Java\jdk-17\bin\jli.dll
0x00007ffdf3d80000 - 0x00007ffdf3e2f000 	C:\WINDOWS\System32\ADVAPI32.dll
0x00007ffdf3ce0000 - 0x00007ffdf3d7e000 	C:\WINDOWS\System32\msvcrt.dll
0x00007ffdf4400000 - 0x00007ffdf449f000 	C:\WINDOWS\System32\sechost.dll
0x00007ffdf3440000 - 0x00007ffdf3563000 	C:\WINDOWS\System32\RPCRT4.dll
0x00007ffdf2f40000 - 0x00007ffdf2f67000 	C:\WINDOWS\System32\bcrypt.dll
0x00007ffdf3570000 - 0x00007ffdf370d000 	C:\WINDOWS\System32\USER32.dll
0x00007ffdf2f10000 - 0x00007ffdf2f32000 	C:\WINDOWS\System32\win32u.dll
0x00007ffddf7f0000 - 0x00007ffddfa8a000 	C:\WINDOWS\WinSxS\amd64_microsoft.windows.common-controls_6595b64144ccf1df_6.0.19041.4355_none_60b8b9eb71f62e16\COMCTL32.dll
0x00007ffdf4d80000 - 0x00007ffdf4dab000 	C:\WINDOWS\System32\GDI32.dll
0x00007ffdf3240000 - 0x00007ffdf335a000 	C:\WINDOWS\System32\gdi32full.dll
0x00007ffdf3120000 - 0x00007ffdf31bd000 	C:\WINDOWS\System32\msvcp_win.dll
0x00007ffde8900000 - 0x00007ffde890a000 	C:\WINDOWS\SYSTEM32\VERSION.dll
0x00007ffdf3cb0000 - 0x00007ffdf3cdf000 	C:\WINDOWS\System32\IMM32.DLL
0x00007ffdeef30000 - 0x00007ffdeef3c000 	C:\Program Files\Java\jdk-17\bin\vcruntime140_1.dll
0x00007ffdb3100000 - 0x00007ffdb318e000 	C:\Program Files\Java\jdk-17\bin\msvcp140.dll
0x00007ffd67b80000 - 0x00007ffd68760000 	C:\Program Files\Java\jdk-17\bin\server\jvm.dll
0x00007ffdf43f0000 - 0x00007ffdf43f8000 	C:\WINDOWS\System32\PSAPI.DLL
0x00007ffddb930000 - 0x00007ffddb939000 	C:\WINDOWS\SYSTEM32\WSOCK32.dll
0x00007ffde88d0000 - 0x00007ffde88f7000 	C:\WINDOWS\SYSTEM32\WINMM.dll
0x00007ffdf3b70000 - 0x00007ffdf3bdb000 	C:\WINDOWS\System32\WS2_32.dll
0x00007ffdf0930000 - 0x00007ffdf0942000 	C:\WINDOWS\SYSTEM32\kernel.appcore.dll
0x00007ffde38f0000 - 0x00007ffde38fa000 	C:\Program Files\Java\jdk-17\bin\jimage.dll
0x00007ffde1d70000 - 0x00007ffde1f54000 	C:\WINDOWS\SYSTEM32\DBGHELP.DLL
0x00007ffddea20000 - 0x00007ffddea54000 	C:\WINDOWS\SYSTEM32\dbgcore.DLL
0x00007ffdf3360000 - 0x00007ffdf33e2000 	C:\WINDOWS\System32\bcryptPrimitives.dll
0x00007ffdef650000 - 0x00007ffdef65e000 	C:\Program Files\Java\jdk-17\bin\instrument.dll
0x00007ffdc8160000 - 0x00007ffdc8185000 	C:\Program Files\Java\jdk-17\bin\java.dll
0x00007ffdb3020000 - 0x00007ffdb30f7000 	C:\Program Files\Java\jdk-17\bin\jsvml.dll
0x00007ffdf4610000 - 0x00007ffdf4d7f000 	C:\WINDOWS\System32\SHELL32.dll
0x00007ffdf0b30000 - 0x00007ffdf12d3000 	C:\WINDOWS\SYSTEM32\windows.storage.dll
0x00007ffdf5020000 - 0x00007ffdf5375000 	C:\WINDOWS\System32\combase.dll
0x00007ffdf2410000 - 0x00007ffdf243b000 	C:\WINDOWS\SYSTEM32\Wldp.dll
0x00007ffdf3be0000 - 0x00007ffdf3cad000 	C:\WINDOWS\System32\OLEAUT32.dll
0x00007ffdf37d0000 - 0x00007ffdf387d000 	C:\WINDOWS\System32\SHCORE.dll
0x00007ffdf3f10000 - 0x00007ffdf3f65000 	C:\WINDOWS\System32\shlwapi.dll
0x00007ffdf29e0000 - 0x00007ffdf2a05000 	C:\WINDOWS\SYSTEM32\profapi.dll
0x00007ffddad00000 - 0x00007ffddad18000 	C:\Program Files\Java\jdk-17\bin\zip.dll
0x00007ffdde130000 - 0x00007ffdde149000 	C:\Program Files\Java\jdk-17\bin\net.dll
0x00007ffdea7f0000 - 0x00007ffdea8fa000 	C:\WINDOWS\SYSTEM32\WINHTTP.dll
0x00007ffdf2170000 - 0x00007ffdf21dc000 	C:\WINDOWS\system32\mswsock.dll
0x00007ffddafb0000 - 0x00007ffddafc6000 	C:\Program Files\Java\jdk-17\bin\nio.dll
0x00007ffdee920000 - 0x00007ffdee93a000 	D:\intellij\bin\breakgen64.dll
0x00007ffdf1e90000 - 0x00007ffdf1f5a000 	C:\WINDOWS\SYSTEM32\DNSAPI.dll
0x00007ffdf1e50000 - 0x00007ffdf1e8b000 	C:\WINDOWS\SYSTEM32\IPHLPAPI.DLL
0x00007ffdf4600000 - 0x00007ffdf4608000 	C:\WINDOWS\System32\NSI.dll
0x00007ffde6020000 - 0x00007ffde602a000 	C:\Windows\System32\rasadhlp.dll
0x00007ffde62b0000 - 0x00007ffde6330000 	C:\WINDOWS\System32\fwpuclnt.dll
0x00007ffdec840000 - 0x00007ffdec84a000 	C:\Program Files\Java\jdk-17\bin\management.dll
0x00007ffdec830000 - 0x00007ffdec83b000 	C:\Program Files\Java\jdk-17\bin\management_ext.dll
0x00007ffdf2370000 - 0x00007ffdf2388000 	C:\WINDOWS\SYSTEM32\CRYPTSP.dll
0x00007ffdf1a90000 - 0x00007ffdf1ac8000 	C:\WINDOWS\system32\rsaenh.dll
0x00007ffdf2960000 - 0x00007ffdf298e000 	C:\WINDOWS\SYSTEM32\USERENV.dll
0x00007ffdf2360000 - 0x00007ffdf236c000 	C:\WINDOWS\SYSTEM32\CRYPTBASE.dll
0x00007ffdebf60000 - 0x00007ffdebf77000 	C:\WINDOWS\SYSTEM32\dhcpcsvc6.DLL
0x00007ffdebe20000 - 0x00007ffdebe3d000 	C:\WINDOWS\SYSTEM32\dhcpcsvc.DLL
0x00007ffddbb30000 - 0x00007ffddbb47000 	C:\WINDOWS\system32\napinsp.dll
0x00007ffddbb10000 - 0x00007ffddbb2b000 	C:\WINDOWS\system32\pnrpnsp.dll
0x00007ffdee790000 - 0x00007ffdee7a5000 	C:\WINDOWS\system32\wshbth.dll
0x00007ffdee340000 - 0x00007ffdee35d000 	C:\WINDOWS\system32\NLAapi.dll
0x00007ffddbaf0000 - 0x00007ffddbb02000 	C:\WINDOWS\System32\winrnr.dll
0x00007ffde2270000 - 0x00007ffde227e000 	C:\Program Files\Java\jdk-17\bin\sunmscapi.dll
0x00007ffdf2db0000 - 0x00007ffdf2f0d000 	C:\WINDOWS\System32\CRYPT32.dll
0x00007ffdf2480000 - 0x00007ffdf24a7000 	C:\WINDOWS\SYSTEM32\ncrypt.dll
0x00007ffdf2440000 - 0x00007ffdf247b000 	C:\WINDOWS\SYSTEM32\NTASN1.dll
0x00007ffddc900000 - 0x00007ffddc951000 	C:\WINDOWS\SYSTEM32\pdh.dll
0x00007ffdf0040000 - 0x00007ffdf004f000 	C:\WINDOWS\System32\perfproc.dll
0x00007ffddb7a0000 - 0x00007ffddb7af000 	C:\WINDOWS\System32\perfos.dll

dbghelp: loaded successfully - version: 4.0.5 - missing functions: none
symbol engine: initialized successfully - sym options: 0x614 - pdb path: .;C:\Program Files\Java\jdk-17\bin;C:\WINDOWS\SYSTEM32;C:\WINDOWS\WinSxS\amd64_microsoft.windows.common-controls_6595b64144ccf1df_6.0.19041.4355_none_60b8b9eb71f62e16;C:\Program Files\Java\jdk-17\bin\server;D:\intellij\bin

VM Arguments:
jvm_args: -XX:TieredStopAtLevel=1 -Dspring.output.ansi.enabled=always -Dcom.sun.management.jmxremote -Dspring.jmx.enabled=true -Dspring.liveBeansView.mbeanDomain -Dspring.application.admin.enabled=true -Dmanagement.endpoints.jmx.exposure.include=* -javaagent:D:\intellij\lib\idea_rt.jar=3626:D:\intellij\bin -Dfile.encoding=UTF-8 
java_command: com.PAF.PAF.Assigment.PafAssigmentApplication
java_class_path (initial): D:\designing\PAF\PAF-Assigment\target\classes;C:\Users\WWW\.m2\repository\org\springframework\boot\spring-boot-starter-web\3.4.4\spring-boot-starter-web-3.4.4.jar;C:\Users\WWW\.m2\repository\org\springframework\boot\spring-boot-starter\3.4.4\spring-boot-starter-3.4.4.jar;C:\Users\WWW\.m2\repository\org\springframework\boot\spring-boot\3.4.4\spring-boot-3.4.4.jar;C:\Users\WWW\.m2\repository\org\springframework\boot\spring-boot-autoconfigure\3.4.4\spring-boot-autoconfigure-3.4.4.jar;C:\Users\WWW\.m2\repository\org\springframework\boot\spring-boot-starter-logging\3.4.4\spring-boot-starter-logging-3.4.4.jar;C:\Users\WWW\.m2\repository\ch\qos\logback\logback-classic\1.5.18\logback-classic-1.5.18.jar;C:\Users\WWW\.m2\repository\ch\qos\logback\logback-core\1.5.18\logback-core-1.5.18.jar;C:\Users\WWW\.m2\repository\org\apache\logging\log4j\log4j-to-slf4j\2.24.3\log4j-to-slf4j-2.24.3.jar;C:\Users\WWW\.m2\repository\org\apache\logging\log4j\log4j-api\2.24.3\log4j-api-2.24.3.jar;C:\Users\WWW\.m2\repository\org\slf4j\jul-to-slf4j\2.0.17\jul-to-slf4j-2.0.17.jar;C:\Users\WWW\.m2\repository\jakarta\annotation\jakarta.annotation-api\2.1.1\jakarta.annotation-api-2.1.1.jar;C:\Users\WWW\.m2\repository\org\yaml\snakeyaml\2.3\snakeyaml-2.3.jar;C:\Users\WWW\.m2\repository\org\springframework\boot\spring-boot-starter-json\3.4.4\spring-boot-starter-json-3.4.4.jar;C:\Users\WWW\.m2\repository\com\fasterxml\jackson\core\jackson-databind\2.18.3\jackson-databind-2.18.3.jar;C:\Users\WWW\.m2\repository\com\fasterxml\jackson\core\jackson-annotations\2.18.3\jackson-annotations-2.18.3.jar;C:\Users\WWW\.m2\repository\com\fasterxml\jackson\core\jackson-core\2.18.3\jackson-core-2.18.3.jar;C:\Users\WWW\.m2\repository\com\fasterxml\jackson\datatype\jackson-datatype-jdk8\2.18.3\jackson-datatype-jdk8-2.18.3.jar;C:\Users\WWW\.m2\repository\com\fasterxml\jackson\datatype\jackson-datatype-jsr310\2.18.3\jackson-datatype-jsr310-2.18.3.jar;C:\Users\WWW\.m2\repository\com\fasterxml\ja
Launcher Type: SUN_STANDARD

[Global flags]
     intx CICompilerCount                          = 4                                         {product} {ergonomic}
     uint ConcGCThreads                            = 3                                         {product} {ergonomic}
     uint G1ConcRefinementThreads                  = 10                                        {product} {ergonomic}
   size_t G1HeapRegionSize                         = 1048576                                   {product} {ergonomic}
    uintx GCDrainStackTargetSize                   = 64                                        {product} {ergonomic}
   size_t InitialHeapSize                          = 125829120                                 {product} {ergonomic}
     bool ManagementServer                         = true                                      {product} {command line}
   size_t MarkStackSize                            = 4194304                                   {product} {ergonomic}
   size_t MaxHeapSize                              = 1988100096                                {product} {ergonomic}
   size_t MaxNewSize                               = 1192230912                                {product} {ergonomic}
   size_t MinHeapDeltaBytes                        = 1048576                                   {product} {ergonomic}
   size_t MinHeapSize                              = 8388608                                   {product} {ergonomic}
    uintx NonProfiledCodeHeapSize                  = 0                                      {pd product} {ergonomic}
     bool ProfileInterpreter                       = false                                  {pd product} {command line}
    uintx ProfiledCodeHeapSize                     = 0                                      {pd product} {ergonomic}
   size_t SoftMaxHeapSize                          = 1988100096                             {manageable} {ergonomic}
     intx TieredStopAtLevel                        = 1                                         {product} {command line}
     bool UseCompressedClassPointers               = true                           {product lp64_product} {ergonomic}
     bool UseCompressedOops                        = true                           {product lp64_product} {ergonomic}
     bool UseG1GC                                  = true                                      {product} {ergonomic}
     bool UseLargePagesIndividualAllocation        = false                                  {pd product} {ergonomic}

Logging:
Log output configuration:
 #0: stdout all=warning uptime,level,tags
 #1: stderr all=off uptime,level,tags

Environment Variables:
PATH=C:\oraclexe\app\oracle\product\11.2.0\server\bin;C:\Program Files\Common Files\Oracle\Java\javapath;D:\Python312\Scripts\;D:\Python312\;C:\Program Files (x86)\Common Files\Oracle\Java\javapath;"C:\xampp\php;C:\Program Files\Common Files\Oracle\Java\javapath";C:\WINDOWS\system32;C:\WINDOWS;C:\WINDOWS\System32\Wbem;C:\WINDOWS\System32\WindowsPowerShell\v1.0\;C:\WINDOWS\System32\OpenSSH\;C:\Program Files (x86)\dotnet\;C:\Program Files\dotnet\;C:\Program Files\Microsoft SQL Server\Client SDK\ODBC\170\Tools\Binn\;C:\Program Files (x86)\Microsoft SQL Server\150\Tools\Binn\;C:\Program Files\Microsoft SQL Server\150\Tools\Binn\;C:\Program Files\Microsoft SQL Server\150\DTS\Binn\;C:\Program Files (x86)\Microsoft SQL Server\160\DTS\Binn\;C:\Program Files\Azure Data Studio\bin;C:\xampp\php;C:\Program Files\Java\jdk-18.0.2\bin;C:\src\flutter\bin;C:\Program Files (x86)\Apache Software Foundation\Tomcat 9.0\bin;C:\Program Files\MySQL\MySQL Server 8.0\bin;D:\nodeJS\;C:\Program Files\Git\cmd;C:\Program Files\Docker\Docker\resources\bin;C:\Program Files\MySQL\MySQL Shell 8.0\bin\;C:\Users\WWW\AppData\Local\Programs\Python\Python310\Scripts\;C:\Users\WWW\AppData\Local\Programs\Python\Python310\;C:\Users\WWW\AppData\Local\Microsoft\WindowsApps;C:\Users\WWW\AppData\Local\Programs\Microsoft VS Code\bin;C:\Users\WWW\AppData\Local\GitHubDesktop\bin;C:\Program Files\Azure Data Studio\bin;C:\Users\WWW\AppData\Roaming\npm;D:\cursor\resources\app\bin
USERNAME=OSHAN
OS=Windows_NT
PROCESSOR_IDENTIFIER=AMD64 Family 23 Model 96 Stepping 1, AuthenticAMD



---------------  S Y S T E M  ---------------

OS:
 Windows 10 , 64 bit Build 19041 (10.0.19041.5678)
OS uptime: 3 days 11:44 hours

CPU: total 12 (initial active 12) (12 cores per cpu, 2 threads per core) family 23 model 96 stepping 1 microcode 0x0, cx8, cmov, fxsr, ht, mmx, 3dnowpref, sse, sse2, sse3, ssse3, sse4a, sse4.1, sse4.2, popcnt, lzcnt, tsc, tscinvbit, avx, avx2, aes, clmul, bmi1, bmi2, adx, sha, fma, vzeroupper, clflush, clflushopt

Memory: 4k page, system-wide physical 7579M (181M free)
TotalPageFile size 22519M (AvailPageFile size 4M)
current process WorkingSet (physical memory assigned to process): 144M, peak: 144M
current process commit charge ("private bytes"): 208M, peak: 243M

vm_info: Java HotSpot(TM) 64-Bit Server VM (17.0.12+8-LTS-286) for windows-amd64 JRE (17.0.12+8-LTS-286), built on Jun  5 2024 06:46:59 by "mach5one" with MS VC++ 17.6 (VS2022)

END.
